// Jest Snapshot v1, https://goo.gl/fbAQLP

exports[`Quizpage show loaded quizpage 1`] = `"<div><h1>Quiz</h1><div><h2>What is the correct JavaScript syntax to change the content of the HTML element below?</h2><div><div><form><button name=\\"answer\\" value=\\"#demo.innerHTML = &quot;Hello World!&quot;;\\">#demo.innerHTML = \\"Hello World!\\";</button></form></div><div><form><button name=\\"answer\\" value=\\"document.getElementById(&quot;demo&quot;).innerHTML = &quot;Hello World!&quot;;\\">document.getElementById(\\"demo\\").innerHTML = \\"Hello World!\\";</button></form></div><div><form><button name=\\"answer\\" value=\\"document.getElement(&quot;p&quot;).innerHTML = &quot;Hello World!&quot;;\\">document.getElement(\\"p\\").innerHTML = \\"Hello World!\\";</button></form></div><div><form><button name=\\"answer\\" value=\\"document.getElementByName(&quot;p&quot;).innerHTML = &quot;Hello World!&quot;;\\">document.getElementByName(\\"p\\").innerHTML = \\"Hello World!\\";</button></form></div></div></div></div>"`;
